
  .   ____          _            __ _ _
 /\\ / ___'_ __ _ _(_)_ __  __ _ \ \ \ \
( ( )\___ | '_ | '_| | '_ \/ _` | \ \ \ \
 \\/  ___)| |_)| | | | | || (_| |  ) ) ) )
  '  |____| .__|_| |_|_| |_\__, | / / / /
 =========|_|==============|___/=/_/_/_/

 :: Spring Boot ::                (v3.3.4)

2026-10-10T00:11:18.768Z  INFO 1 --- [patitas-urbanas-api] [           main] c.p.PatitasUrbanasApplication            : Starting PatitasUrbanasApplication v0.0.1-SNAPSHOT using Java 21.0.12.1 with PID 1 (/app/app.jar started by root in /app)
2026-10-10T00:11:18.776Z  INFO 1 --- [patitas-urbanas-api] [           main] c.p.PatitasUrbanasApplication            : No active profile set, falling back to 1 default profile: "default"
2026-10-10T00:11:20.106Z  INFO 1 --- [patitas-urbanas-api] [           main] .s.d.r.c.RepositoryConfigurationDelegate : Bootstrapping Spring Data JPA repositories in DEFAULT mode.
2026-10-10T00:11:20.158Z  INFO 1 --- [patitas-urbanas-api] [           main] .s.d.r.c.RepositoryConfigurationDelegate : Finished Spring Data repository scanning in 44 ms. Found 2 JPA repository interfaces.
2026-10-10T00:11:20.807Z  INFO 1 --- [patitas-urbanas-api] [           main] o.s.b.w.embedded.tomcat.TomcatWebServer  : Tomcat initialized with port 3000 (http)
2026-10-10T00:11:20.818Z  INFO 1 --- [patitas-urbanas-api] [           main] o.apache.catalina.core.StandardService   : Starting service [Tomcat]
2026-10-10T00:11:20.819Z  INFO 1 --- [patitas-urbanas-api] [           main] o.apache.catalina.core.StandardEngine    : Starting Servlet engine: [Apache Tomcat/10.1.30]
2026-10-10T00:11:20.845Z  INFO 1 --- [patitas-urbanas-api] [           main] o.a.c.c.C.[Tomcat].[localhost].[/]       : Initializing Spring embedded WebApplicationContext
2026-10-10T00:11:20.846Z  INFO 1 --- [patitas-urbanas-api] [           main] w.s.c.ServletWebServerApplicationContext : Root WebApplicationContext: initialization completed in 2029 ms
2026-10-10T00:11:21.195Z  INFO 1 --- [patitas-urbanas-api] [           main] o.hibernate.jpa.internal.util.LogHelper  : HHH000204: Processing PersistenceUnitInfo [name: default]
2026-10-10T00:11:21.285Z  INFO 1 --- [patitas-urbanas-api] [           main] org.hibernate.Version                    : HHH000412: Hibernate ORM core version 6.5.3.Final
2026-10-10T00:11:21.320Z  INFO 1 --- [patitas-urbanas-api] [           main] o.h.c.internal.RegionFactoryInitiator    : HHH000026: Second-level cache disabled
2026-10-10T00:11:21.749Z  INFO 1 --- [patitas-urbanas-api] [           main] o.s.o.j.p.SpringPersistenceUnitInfo      : No LoadTimeWeaver setup: ignoring JPA class transformer
2026-10-10T00:11:21.781Z  INFO 1 --- [patitas-urbanas-api] [           main] com.zaxxer.hikari.HikariDataSource       : HikariPool-1 - Starting...
2026-10-10T00:11:21.978Z  INFO 1 --- [patitas-urbanas-api] [           main] com.zaxxer.hikari.pool.HikariPool        : HikariPool-1 - Added connection org.postgresql.jdbc.PgConnection@4eac65db
2026-10-10T00:11:21.980Z  INFO 1 --- [patitas-urbanas-api] [           main] com.zaxxer.hikari.HikariDataSource       : HikariPool-1 - Start completed.
2026-10-10T00:11:23.417Z  INFO 1 --- [patitas-urbanas-api] [           main] o.h.e.t.j.p.i.JtaPlatformInitiator       : HHH000489: No JTA platform available (set 'hibernate.transaction.jta.platform' to enable JTA platform integration)
2026-10-10T00:11:23.432Z DEBUG 1 --- [patitas-urbanas-api] [           main] org.hibernate.SQL                        : alter table if exists etapa_adopcion drop constraint if exists FKwbmayu65k13nmlufu8pokaot
2026-10-10T00:11:23.435Z  WARN 1 --- [patitas-urbanas-api] [           main] o.h.engine.jdbc.spi.SqlExceptionHelper   : SQL Warning Code: 0, SQLState: 00000
2026-10-10T00:11:23.435Z  WARN 1 --- [patitas-urbanas-api] [           main] o.h.engine.jdbc.spi.SqlExceptionHelper   : relation "etapa_adopcion" does not exist, skipping
2026-10-10T00:11:23.436Z DEBUG 1 --- [patitas-urbanas-api] [           main] org.hibernate.SQL                        : drop table if exists etapa_adopcion cascade
2026-10-10T00:11:23.436Z  WARN 1 --- [patitas-urbanas-api] [           main] o.h.engine.jdbc.spi.SqlExceptionHelper   : SQL Warning Code: 0, SQLState: 00000
2026-10-10T00:11:23.437Z  WARN 1 --- [patitas-urbanas-api] [           main] o.h.engine.jdbc.spi.SqlExceptionHelper   : table "etapa_adopcion" does not exist, skipping
2026-10-10T00:11:23.437Z DEBUG 1 --- [patitas-urbanas-api] [           main] org.hibernate.SQL                        : drop table if exists solicitud_adopcion cascade
2026-10-10T00:11:23.437Z  WARN 1 --- [patitas-urbanas-api] [           main] o.h.engine.jdbc.spi.SqlExceptionHelper   : SQL Warning Code: 0, SQLState: 00000
2026-10-10T00:11:23.437Z  WARN 1 --- [patitas-urbanas-api] [           main] o.h.engine.jdbc.spi.SqlExceptionHelper   : table "solicitud_adopcion" does not exist, skipping
2026-10-10T00:11:23.442Z DEBUG 1 --- [patitas-urbanas-api] [           main] org.hibernate.SQL                        : create table etapa_adopcion (fecha_cambio timestamp(6) not null, id bigint generated by default as identity, solicitud_adopcion_id bigint not null, nombre_etapa varchar(255) not null, primary key (id))
2026-10-10T00:11:23.452Z DEBUG 1 --- [patitas-urbanas-api] [           main] org.hibernate.SQL                        : create table solicitud_adopcion (fecha_creacion timestamp(6) not null, id bigint generated by default as identity, estado varchar(255) not null, primary key (id))
2026-10-10T00:11:23.455Z DEBUG 1 --- [patitas-urbanas-api] [           main] org.hibernate.SQL                        : alter table if exists etapa_adopcion add constraint FKwbmayu65k13nmlufu8pokaot foreign key (solicitud_adopcion_id) references solicitud_adopcion
2026-10-10T00:11:23.462Z  INFO 1 --- [patitas-urbanas-api] [           main] j.LocalContainerEntityManagerFactoryBean : Initialized JPA EntityManagerFactory for persistence unit 'default'
2026-10-10T00:11:23.636Z DEBUG 1 --- [patitas-urbanas-api] [           main] o.h.stat.internal.StatisticsInitiator    : Statistics initialized [enabled=true]
2026-10-10T00:11:23.643Z  INFO 1 --- [patitas-urbanas-api] [           main] i.StatisticalLoggingSessionEventListener : Session Metrics {
    0 nanoseconds spent acquiring 0 JDBC connections;
    0 nanoseconds spent releasing 0 JDBC connections;
    0 nanoseconds spent preparing 0 JDBC statements;
    0 nanoseconds spent executing 0 JDBC statements;
    0 nanoseconds spent executing 0 JDBC batches;
    0 nanoseconds spent performing 0 L2C puts;
    0 nanoseconds spent performing 0 L2C hits;
    0 nanoseconds spent performing 0 L2C misses;
    0 nanoseconds spent executing 0 flushes (flushing a total of 0 entities and 0 collections);
    0 nanoseconds spent executing 0 pre-partial-flushes;
    0 nanoseconds spent executing 0 partial-flushes (flushing a total of 0 entities and 0 collections)
}
2026-10-10T00:11:23.644Z  INFO 1 --- [patitas-urbanas-api] [           main] i.StatisticalLoggingSessionEventListener : Session Metrics {
    0 nanoseconds spent acquiring 0 JDBC connections;
    0 nanoseconds spent releasing 0 JDBC connections;
    0 nanoseconds spent preparing 0 JDBC statements;
    0 nanoseconds spent executing 0 JDBC statements;
    0 nanoseconds spent executing 0 JDBC batches;
    0 nanoseconds spent performing 0 L2C puts;
    0 nanoseconds spent performing 0 L2C hits;
    0 nanoseconds spent performing 0 L2C misses;
    0 nanoseconds spent executing 0 flushes (flushing a total of 0 entities and 0 collections);
    0 nanoseconds spent executing 0 pre-partial-flushes;
    0 nanoseconds spent executing 0 partial-flushes (flushing a total of 0 entities and 0 collections)
}
2026-10-10T00:11:23.719Z  INFO 1 --- [patitas-urbanas-api] [           main] i.StatisticalLoggingSessionEventListener : Session Metrics {
    0 nanoseconds spent acquiring 0 JDBC connections;
    0 nanoseconds spent releasing 0 JDBC connections;
    0 nanoseconds spent preparing 0 JDBC statements;
    0 nanoseconds spent executing 0 JDBC statements;
    0 nanoseconds spent executing 0 JDBC batches;
    0 nanoseconds spent performing 0 L2C puts;
    0 nanoseconds spent performing 0 L2C hits;
    0 nanoseconds spent performing 0 L2C misses;
    0 nanoseconds spent executing 0 flushes (flushing a total of 0 entities and 0 collections);
    0 nanoseconds spent executing 0 pre-partial-flushes;
    0 nanoseconds spent executing 0 partial-flushes (flushing a total of 0 entities and 0 collections)
}
2026-10-10T00:11:23.767Z  INFO 1 --- [patitas-urbanas-api] [           main] i.StatisticalLoggingSessionEventListener : Session Metrics {
    0 nanoseconds spent acquiring 0 JDBC connections;
    0 nanoseconds spent releasing 0 JDBC connections;
    0 nanoseconds spent preparing 0 JDBC statements;
    0 nanoseconds spent executing 0 JDBC statements;
    0 nanoseconds spent executing 0 JDBC batches;
    0 nanoseconds spent performing 0 L2C puts;
    0 nanoseconds spent performing 0 L2C hits;
    0 nanoseconds spent performing 0 L2C misses;
    0 nanoseconds spent executing 0 flushes (flushing a total of 0 entities and 0 collections);
    0 nanoseconds spent executing 0 pre-partial-flushes;
    0 nanoseconds spent executing 0 partial-flushes (flushing a total of 0 entities and 0 collections)
}
2026-10-10T00:11:23.775Z  INFO 1 --- [patitas-urbanas-api] [           main] i.StatisticalLoggingSessionEventListener : Session Metrics {
    0 nanoseconds spent acquiring 0 JDBC connections;
    0 nanoseconds spent releasing 0 JDBC connections;
    0 nanoseconds spent preparing 0 JDBC statements;
    0 nanoseconds spent executing 0 JDBC statements;
    0 nanoseconds spent executing 0 JDBC batches;
    0 nanoseconds spent performing 0 L2C puts;
    0 nanoseconds spent performing 0 L2C hits;
    0 nanoseconds spent performing 0 L2C misses;
    0 nanoseconds spent executing 0 flushes (flushing a total of 0 entities and 0 collections);
    0 nanoseconds spent executing 0 pre-partial-flushes;
    0 nanoseconds spent executing 0 partial-flushes (flushing a total of 0 entities and 0 collections)
}
2026-10-10T00:11:23.888Z  WARN 1 --- [patitas-urbanas-api] [           main] JpaBaseConfiguration$JpaWebConfiguration : spring.jpa.open-in-view is enabled by default. Therefore, database queries may be performed during view rendering. Explicitly configure spring.jpa.open-in-view to disable this warning
2026-10-10T00:11:24.539Z  INFO 1 --- [patitas-urbanas-api] [           main] o.s.b.a.e.web.EndpointLinksResolver      : Exposing 1 endpoint beneath base path '/actuator'
2026-10-10T00:11:24.644Z  INFO 1 --- [patitas-urbanas-api] [           main] o.s.b.w.embedded.tomcat.TomcatWebServer  : Tomcat started on port 3000 (http) with context path '/'
2026-10-10T00:11:24.661Z  INFO 1 --- [patitas-urbanas-api] [           main] c.p.PatitasUrbanasApplication            : Started PatitasUrbanasApplication in 6.418 seconds (process running for 6.919)
2026-10-10T00:11:24.928Z  INFO 1 --- [patitas-urbanas-api] [nio-3000-exec-1] o.a.c.c.C.[Tomcat].[localhost].[/]       : Initializing Spring DispatcherServlet 'dispatcherServlet'
2026-10-10T00:11:24.929Z  INFO 1 --- [patitas-urbanas-api] [nio-3000-exec-1] o.s.web.servlet.DispatcherServlet        : Initializing Servlet 'dispatcherServlet'
2026-10-10T00:11:24.932Z  INFO 1 --- [patitas-urbanas-api] [nio-3000-exec-1] o.s.web.servlet.DispatcherServlet        : Completed initialization in 2 ms
2026-10-10T00:11:34.072Z  INFO 1 --- [patitas-urbanas-api] [nio-3000-exec-4] i.StatisticalLoggingSessionEventListener : Session Metrics {
    0 nanoseconds spent acquiring 0 JDBC connections;
    0 nanoseconds spent releasing 0 JDBC connections;
    0 nanoseconds spent preparing 0 JDBC statements;
    0 nanoseconds spent executing 0 JDBC statements;
    0 nanoseconds spent executing 0 JDBC batches;
    0 nanoseconds spent performing 0 L2C puts;
    0 nanoseconds spent performing 0 L2C hits;
    0 nanoseconds spent performing 0 L2C misses;
    0 nanoseconds spent executing 0 flushes (flushing a total of 0 entities and 0 collections);
    0 nanoseconds spent executing 0 pre-partial-flushes;
    0 nanoseconds spent executing 0 partial-flushes (flushing a total of 0 entities and 0 collections)
}
2026-10-10T00:11:34.084Z  INFO 1 --- [patitas-urbanas-api] [nio-3000-exec-4] i.StatisticalLoggingSessionEventListener : Session Metrics {
    0 nanoseconds spent acquiring 0 JDBC connections;
    0 nanoseconds spent releasing 0 JDBC connections;
    0 nanoseconds spent preparing 0 JDBC statements;
    0 nanoseconds spent executing 0 JDBC statements;
    0 nanoseconds spent executing 0 JDBC batches;
    0 nanoseconds spent performing 0 L2C puts;
    0 nanoseconds spent performing 0 L2C hits;
    0 nanoseconds spent performing 0 L2C misses;
    0 nanoseconds spent executing 0 flushes (flushing a total of 0 entities and 0 collections);
    0 nanoseconds spent executing 0 pre-partial-flushes;
    0 nanoseconds spent executing 0 partial-flushes (flushing a total of 0 entities and 0 collections)
}
2026-10-10T00:11:34.095Z  WARN 1 --- [patitas-urbanas-api] [nio-3000-exec-6] .w.s.m.s.DefaultHandlerExceptionResolver : Resolved [org.springframework.web.HttpRequestMethodNotSupportedException: Request method 'GET' is not supported]
2026-10-10T00:11:34.099Z  INFO 1 --- [patitas-urbanas-api] [nio-3000-exec-6] i.StatisticalLoggingSessionEventListener : Session Metrics {
    0 nanoseconds spent acquiring 0 JDBC connections;
    0 nanoseconds spent releasing 0 JDBC connections;
    0 nanoseconds spent preparing 0 JDBC statements;
    0 nanoseconds spent executing 0 JDBC statements;
    0 nanoseconds spent executing 0 JDBC batches;
    0 nanoseconds spent performing 0 L2C puts;
    0 nanoseconds spent performing 0 L2C hits;
    0 nanoseconds spent performing 0 L2C misses;
    0 nanoseconds spent executing 0 flushes (flushing a total of 0 entities and 0 collections);
    0 nanoseconds spent executing 0 pre-partial-flushes;
    0 nanoseconds spent executing 0 partial-flushes (flushing a total of 0 entities and 0 collections)
}
2026-10-10T00:11:39.104Z  WARN 1 --- [patitas-urbanas-api] [nio-3000-exec-8] .w.s.m.s.DefaultHandlerExceptionResolver : Resolved [org.springframework.web.bind.MissingServletRequestParameterException: Required request parameter 'lat' for method parameter type double is not present]
2026-10-10T00:11:39.105Z  INFO 1 --- [patitas-urbanas-api] [nio-3000-exec-8] i.StatisticalLoggingSessionEventListener : Session Metrics {
    0 nanoseconds spent acquiring 0 JDBC connections;
    0 nanoseconds spent releasing 0 JDBC connections;
    0 nanoseconds spent preparing 0 JDBC statements;
    0 nanoseconds spent executing 0 JDBC statements;
    0 nanoseconds spent executing 0 JDBC batches;
    0 nanoseconds spent performing 0 L2C puts;
    0 nanoseconds spent performing 0 L2C hits;
    0 nanoseconds spent performing 0 L2C misses;
    0 nanoseconds spent executing 0 flushes (flushing a total of 0 entities and 0 collections);
    0 nanoseconds spent executing 0 pre-partial-flushes;
    0 nanoseconds spent executing 0 partial-flushes (flushing a total of 0 entities and 0 collections)
}
2026-10-10T00:11:39.108Z  INFO 1 --- [patitas-urbanas-api] [nio-3000-exec-8] i.StatisticalLoggingSessionEventListener : Session Metrics {
    0 nanoseconds spent acquiring 0 JDBC connections;
    0 nanoseconds spent releasing 0 JDBC connections;
    0 nanoseconds spent preparing 0 JDBC statements;
    0 nanoseconds spent executing 0 JDBC statements;
    0 nanoseconds spent executing 0 JDBC batches;
    0 nanoseconds spent performing 0 L2C puts;
    0 nanoseconds spent performing 0 L2C hits;
    0 nanoseconds spent performing 0 L2C misses;
    0 nanoseconds spent executing 0 flushes (flushing a total of 0 entities and 0 collections);
    0 nanoseconds spent executing 0 pre-partial-flushes;
    0 nanoseconds spent executing 0 partial-flushes (flushing a total of 0 entities and 0 collections)
}
2026-10-10T00:11:44.024Z  WARN 1 --- [patitas-urbanas-api] [nio-3000-exec-9] .w.s.m.s.DefaultHandlerExceptionResolver : Resolved [org.springframework.web.bind.MissingServletRequestParameterException: Required request parameter 'radio' for method parameter type double is not present]
2026-10-10T00:11:44.024Z  INFO 1 --- [patitas-urbanas-api] [nio-3000-exec-9] i.StatisticalLoggingSessionEventListener : Session Metrics {
    0 nanoseconds spent acquiring 0 JDBC connections;
    0 nanoseconds spent releasing 0 JDBC connections;
    0 nanoseconds spent preparing 0 JDBC statements;
    0 nanoseconds spent executing 0 JDBC statements;
    0 nanoseconds spent executing 0 JDBC batches;
    0 nanoseconds spent performing 0 L2C puts;
    0 nanoseconds spent performing 0 L2C hits;
    0 nanoseconds spent performing 0 L2C misses;
    0 nanoseconds spent executing 0 flushes (flushing a total of 0 entities and 0 collections);
    0 nanoseconds spent executing 0 pre-partial-flushes;
    0 nanoseconds spent executing 0 partial-flushes (flushing a total of 0 entities and 0 collections)
}
2026-10-10T00:11:44.027Z  INFO 1 --- [patitas-urbanas-api] [nio-3000-exec-9] i.StatisticalLoggingSessionEventListener : Session Metrics {
    0 nanoseconds spent acquiring 0 JDBC connections;
    0 nanoseconds spent releasing 0 JDBC connections;
    0 nanoseconds spent preparing 0 JDBC statements;
    0 nanoseconds spent executing 0 JDBC statements;
    0 nanoseconds spent executing 0 JDBC batches;
    0 nanoseconds spent performing 0 L2C puts;
    0 nanoseconds spent performing 0 L2C hits;
    0 nanoseconds spent performing 0 L2C misses;
    0 nanoseconds spent executing 0 flushes (flushing a total of 0 entities and 0 collections);
    0 nanoseconds spent executing 0 pre-partial-flushes;
    0 nanoseconds spent executing 0 partial-flushes (flushing a total of 0 entities and 0 collections)
}
2026-10-10T00:11:49.232Z  INFO 1 --- [patitas-urbanas-api] [io-3000-exec-10] i.StatisticalLoggingSessionEventListener : Session Metrics {
    0 nanoseconds spent acquiring 0 JDBC connections;
    0 nanoseconds spent releasing 0 JDBC connections;
    0 nanoseconds spent preparing 0 JDBC statements;
    0 nanoseconds spent executing 0 JDBC statements;
    0 nanoseconds spent executing 0 JDBC batches;
    0 nanoseconds spent performing 0 L2C puts;
    0 nanoseconds spent performing 0 L2C hits;
    0 nanoseconds spent performing 0 L2C misses;
    0 nanoseconds spent executing 0 flushes (flushing a total of 0 entities and 0 collections);
    0 nanoseconds spent executing 0 pre-partial-flushes;
    0 nanoseconds spent executing 0 partial-flushes (flushing a total of 0 entities and 0 collections)
}
